D:\materija\ra194-2016\lab3\basic_system\implementation\system.ngc 1553503531
D:/materija/ra194-2016/lab3/basic_system/implementation/system_dip_switches_wrapper.ngc 1553503505
D:/materija/ra194-2016/lab3/basic_system/implementation/system_my_peripheral_0_wrapper.ngc 1553503518
D:/materija/ra194-2016/lab3/basic_system/implementation/system_rs232_wrapper.ngc 1553503505
D:/materija/ra194-2016/lab3/basic_system/implementation/system_proc_sys_reset_0_wrapper.ngc 1553503505
D:/materija/ra194-2016/lab3/basic_system/implementation/system_clock_generator_0_wrapper.ngc 1553503520
D:/materija/ra194-2016/lab3/basic_system/implementation/system_microblaze_0_ilmb_wrapper.ngc 1553503505
D:/materija/ra194-2016/lab3/basic_system/implementation/system_microblaze_0_dlmb_wrapper.ngc 1553503505
D:/materija/ra194-2016/lab3/basic_system/implementation/system_axi4lite_0_wrapper.ngc 1553503505
D:/materija/ra194-2016/lab3/basic_system/implementation/system_microblaze_0_wrapper.ngc 1553503505
D:/materija/ra194-2016/lab3/basic_system/implementation/system_microblaze_0_i_bram_ctrl_wrapper.ngc 1553503505
D:/materija/ra194-2016/lab3/basic_system/implementation/system_microblaze_0_d_bram_ctrl_wrapper.ngc 1553503505
D:/materija/ra194-2016/lab3/basic_system/implementation/system_debug_module_wrapper.ngc 1553503505
D:/materija/ra194-2016/lab3/basic_system/implementation/system_microblaze_0_bram_block_wrapper.ngc 1553503505
OK
